Viewport <#document> at (0,0) content-size 752x719 [0+0+0 752 0+0+0] [0+0+0 719 0+0+0] children: not-inline
  BlockContainer <html> at (0,0) content-size 752x38 [0+0+0 752 0+0+0] [0+0+0 38 0+0+0] [BFC] children: not-inline
    BlockContainer <(anonymous)> at (0,0) content-size 752x0 [0+0+0 752 0+0+0] [0+0+0 0 0+0+0] children: inline
      TextNode <#text>
    BlockContainer <body> at (8,8) content-size 736x22 [8+0+0 736 0+0+8] [8+0+0 22 0+0+8] children: inline
      frag 0 from BlockContainer start: 0, length: 0, rect: [11,10 160x18] baseline: 22
      TextNode <#text>
      BlockContainer <input#hello> at (11,10) content-size 160x18 inline-block [0+1+2 160 2+1+0] [0+1+1 18 1+1+0] [BFC] children: not-inline
        Box <div> at (11,10) content-size 160x18 flex-container(row) [0+0+0 160 0+0+0] [0+0+0 18 0+0+0] [FFC] children: not-inline
          BlockContainer <div> at (11,10) content-size 160x18 flex-item [0+0+0 160 0+0+0] [0+0+0 18 0+0+0] [BFC] children: inline
            TextNode <#text>
      TextNode <#text>